#! 
:ivl_version "13.0 (devel)" "(s20251012-33-ga7502173d-dirty)";
:ivl_delay_selection "TYPICAL";
:vpi_time_precision - 12;
:vpi_module "C:\Users\sophi\DOWNLO~1\OSS-CA~1\lib\ivl\system.vpi";
:vpi_module "C:\Users\sophi\DOWNLO~1\OSS-CA~1\lib\ivl\vhdl_sys.vpi";
:vpi_module "C:\Users\sophi\DOWNLO~1\OSS-CA~1\lib\ivl\vhdl_textio.vpi";
:vpi_module "C:\Users\sophi\DOWNLO~1\OSS-CA~1\lib\ivl\v2005_math.vpi";
:vpi_module "C:\Users\sophi\DOWNLO~1\OSS-CA~1\lib\ivl\va_math.vpi";
S_00000157bc474c90 .scope module, "top_tb" "top_tb" 2 3;
 .timescale -9 -12;
v00000157bc4fa960_0 .var "clk", 0 0;
v00000157bc4f97e0_0 .var "reset", 0 0;
S_00000157bc474e20 .scope module, "DUT" "top" 2 7, 3 1 0, S_00000157bc474c90;
 .timescale -9 -12;
    .port_info 0 /INPUT 1 "clk";
    .port_info 1 /INPUT 1 "reset";
v00000157bc4f96a0_0 .net "ALUSrc", 0 0, v00000157bc4a1a60_0;  1 drivers
v00000157bc4fa6e0_0 .net "Instr", 31 0, v00000157bc4f5680_0;  1 drivers
v00000157bc4fa780_0 .net "MW", 0 0, v00000157bc4a1b00_0;  1 drivers
v00000157bc4fa820_0 .var "PC", 31 0;
v00000157bc4f9b00_0 .net "PCNext", 31 0, L_00000157bc4fa320;  1 drivers
v00000157bc4f9740_0 .net "PCPlus4", 31 0, L_00000157bc4f9a60;  1 drivers
v00000157bc4f9c40_0 .net "PCSrc", 0 0, L_00000157bc48de70;  1 drivers
v00000157bc4f9920_0 .net "PCTarget", 31 0, L_00000157bc4fb360;  1 drivers
v00000157bc4f9ba0_0 .net "RD2", 31 0, L_00000157bc4fd410;  1 drivers
v00000157bc4fb400_0 .net "RW", 0 0, v00000157bc4a2640_0;  1 drivers
v00000157bc4f99c0_0 .net "SrcA", 31 0, L_00000157bc4fca10;  1 drivers
v00000157bc4f9d80_0 .net "SrcB", 31 0, L_00000157bc4faaa0;  1 drivers
v00000157bc4f9ce0_0 .net "alu_control", 2 0, v00000157bc4a19c0_0;  1 drivers
v00000157bc4fa1e0_0 .net "alu_result", 31 0, v00000157bc4a1d80_0;  1 drivers
v00000157bc4fb040_0 .net "clk", 0 0, v00000157bc4fa960_0;  1 drivers
v00000157bc4f9e20_0 .net "immExt", 31 0, v00000157bc4f57c0_0;  1 drivers
v00000157bc4f9ec0_0 .net "immSrc", 1 0, v00000157bc4a20a0_0;  1 drivers
v00000157bc4f9880_0 .net "readData", 31 0, v00000157bc4f6120_0;  1 drivers
v00000157bc4fa500_0 .net "reset", 0 0, v00000157bc4f97e0_0;  1 drivers
v00000157bc4fa640_0 .net "result", 31 0, L_00000157bc4fa3c0;  1 drivers
v00000157bc4fa000_0 .net "resultSrc", 1 0, v00000157bc4a0d40_0;  1 drivers
v00000157bc4fb220_0 .net "zero", 0 0, v00000157bc4a1240_0;  1 drivers
E_00000157bc49be50 .event posedge, v00000157bc4f7340_0, v00000157bc4f7160_0;
L_00000157bc4fab40 .concat [ 32 32 0 0], L_00000157bc4fd410, v00000157bc4f57c0_0;
L_00000157bc4fac80 .concat [ 32 32 0 0], L_00000157bc4f9a60, L_00000157bc4fb360;
L_00000157bc4fadc0 .concat [ 32 32 32 0], v00000157bc4a1d80_0, v00000157bc4f6120_0, L_00000157bc4f9a60;
L_00000157bc4fcab0 .part v00000157bc4f5680_0, 15, 5;
L_00000157bc4fd2d0 .part v00000157bc4f5680_0, 20, 5;
L_00000157bc4fbcf0 .part v00000157bc4f5680_0, 7, 5;
L_00000157bc4fd0f0 .part v00000157bc4f5680_0, 0, 7;
L_00000157bc4fbbb0 .part v00000157bc4f5680_0, 12, 3;
L_00000157bc4fd370 .part v00000157bc4f5680_0, 30, 1;
S_00000157bc474fb0 .scope module, "add4" "adder" 3 50, 4 1 0, S_00000157bc474e20;
 .timescale 0 0;
    .port_info 0 /INPUT 32 "a";
    .port_info 1 /INPUT 32 "b";
    .port_info 2 /OUTPUT 32 "y";
v00000157bc4a1ce0_0 .net "a", 31 0, v00000157bc4fa820_0;  1 drivers
L_00000157bc508128 .functor BUFT 1, C4<00000000000000000000000000000100>, C4<0>, C4<0>, C4<0>;
v00000157bc4a2280_0 .net "b", 31 0, L_00000157bc508128;  1 drivers
v00000157bc4a23c0_0 .net "y", 31 0, L_00000157bc4f9a60;  alias, 1 drivers
L_00000157bc4f9a60 .arith/sum 32, v00000157bc4fa820_0, L_00000157bc508128;
S_00000157bc46f590 .scope module, "addTarget" "adder" 3 44, 4 1 0, S_00000157bc474e20;
 .timescale 0 0;
    .port_info 0 /INPUT 32 "a";
    .port_info 1 /INPUT 32 "b";
    .port_info 2 /OUTPUT 32 "y";
v00000157bc4a1740_0 .net "a", 31 0, v00000157bc4fa820_0;  alias, 1 drivers
v00000157bc4a08e0_0 .net "b", 31 0, v00000157bc4f57c0_0;  alias, 1 drivers
v00000157bc4a2320_0 .net "y", 31 0, L_00000157bc4fb360;  alias, 1 drivers
L_00000157bc4fb360 .arith/sum 32, v00000157bc4fa820_0, v00000157bc4f57c0_0;
S_00000157bc46f720 .scope module, "alu" "alu_risc" 3 92, 5 1 0, S_00000157bc474e20;
 .timescale 0 0;
    .port_info 0 /INPUT 32 "A";
    .port_info 1 /INPUT 32 "B";
    .port_info 2 /INPUT 3 "ALUControl";
    .port_info 3 /OUTPUT 32 "ALUResult";
    .port_info 4 /OUTPUT 1 "zero";
v00000157bc4a1100_0 .net "A", 31 0, L_00000157bc4fca10;  alias, 1 drivers
v00000157bc4a17e0_0 .net "ALUControl", 2 0, v00000157bc4a19c0_0;  alias, 1 drivers
v00000157bc4a1d80_0 .var "ALUResult", 31 0;
v00000157bc4a11a0_0 .net "B", 31 0, L_00000157bc4faaa0;  alias, 1 drivers
v00000157bc4a1240_0 .var "zero", 0 0;
E_00000157bc49bf90 .event anyedge, v00000157bc4a17e0_0, v00000157bc4a1100_0, v00000157bc4a11a0_0, v00000157bc4a1d80_0;
S_00000157bc46f8b0 .scope module, "con" "controller" 3 109, 6 1 0, S_00000157bc474e20;
 .timescale 0 0;
    .port_info 0 /INPUT 7 "op";
    .port_info 1 /INPUT 3 "funct3";
    .port_info 2 /INPUT 1 "funct7b5";
    .port_info 3 /INPUT 1 "zero";
    .port_info 4 /OUTPUT 2 "resultSrc";
    .port_info 5 /OUTPUT 1 "MemWrite";
    .port_info 6 /OUTPUT 1 "PCSrc";
    .port_info 7 /OUTPUT 1 "ALUSrc";
    .port_info 8 /OUTPUT 1 "RegWrite";
    .port_info 9 /OUTPUT 2 "ImmSrc";
    .port_info 10 /OUTPUT 3 "control";
L_00000157bc48d9a0 .functor AND 1, v00000157bc4a0a20_0, v00000157bc4a1240_0, C4<1>, C4<1>;
L_00000157bc48de70 .functor OR 1, L_00000157bc48d9a0, v00000157bc4a1e20_0, C4<0>, C4<0>;
v00000157bc4a1380_0 .net "ALUOp", 1 0, v00000157bc4a1920_0;  1 drivers
v00000157bc4a1420_0 .net "ALUSrc", 0 0, v00000157bc4a1a60_0;  alias, 1 drivers
v00000157bc4a14c0_0 .net "ImmSrc", 1 0, v00000157bc4a20a0_0;  alias, 1 drivers
v00000157bc4a1600_0 .net "MemWrite", 0 0, v00000157bc4a1b00_0;  alias, 1 drivers
v00000157bc4a26e0_0 .net "PCSrc", 0 0, L_00000157bc48de70;  alias, 1 drivers
v00000157bc4a2500_0 .net "RegWrite", 0 0, v00000157bc4a2640_0;  alias, 1 drivers
v00000157bc4a1ba0_0 .net *"_ivl_2", 0 0, L_00000157bc48d9a0;  1 drivers
v00000157bc4a1c40_0 .net "branch", 0 0, v00000157bc4a0a20_0;  1 drivers
v00000157bc4a1ec0_0 .net "control", 2 0, v00000157bc4a19c0_0;  alias, 1 drivers
v00000157bc4a25a0_0 .net "funct3", 2 0, L_00000157bc4fbbb0;  1 drivers
v00000157bc4a0980_0 .net "funct7b5", 0 0, L_00000157bc4fd370;  1 drivers
v00000157bc4a0ac0_0 .net "jump", 0 0, v00000157bc4a1e20_0;  1 drivers
v00000157bc4a0ca0_0 .net "op", 6 0, L_00000157bc4fd0f0;  1 drivers
v00000157bc4a1f60_0 .net "resultSrc", 1 0, v00000157bc4a0d40_0;  alias, 1 drivers
v00000157bc4a0de0_0 .net "zero", 0 0, v00000157bc4a1240_0;  alias, 1 drivers
L_00000157bc4fbd90 .part L_00000157bc4fd0f0, 5, 1;
S_00000157bc46dff0 .scope module, "ad" "ALUdecoder" 6 26, 7 1 0, S_00000157bc46f8b0;
 .timescale 0 0;
    .port_info 0 /INPUT 1 "op";
    .port_info 1 /INPUT 3 "funct3";
    .port_info 2 /INPUT 1 "funct7";
    .port_info 3 /INPUT 2 "ALUop";
    .port_info 4 /OUTPUT 3 "control";
v00000157bc4a0e80_0 .net "ALUop", 1 0, v00000157bc4a1920_0;  alias, 1 drivers
v00000157bc4a19c0_0 .var "control", 2 0;
v00000157bc4a1880_0 .net "funct3", 2 0, L_00000157bc4fbbb0;  alias, 1 drivers
v00000157bc4a12e0_0 .net "funct7", 0 0, L_00000157bc4fd370;  alias, 1 drivers
v00000157bc4a1560_0 .net "op", 0 0, L_00000157bc4fbd90;  1 drivers
E_00000157bc49c510 .event anyedge, v00000157bc4a0e80_0, v00000157bc4a1880_0, v00000157bc4a12e0_0, v00000157bc4a1560_0;
S_00000157bc46e180 .scope module, "md" "main_decoder" 6 15, 8 2 0, S_00000157bc46f8b0;
 .timescale 0 0;
    .port_info 0 /INPUT 7 "op";
    .port_info 1 /OUTPUT 2 "ResultSrc";
    .port_info 2 /OUTPUT 1 "MemWrite";
    .port_info 3 /OUTPUT 1 "Branch";
    .port_info 4 /OUTPUT 1 "ALUSrc";
    .port_info 5 /OUTPUT 1 "RegWrite";
    .port_info 6 /OUTPUT 1 "Jump";
    .port_info 7 /OUTPUT 2 "ImmSrc";
    .port_info 8 /OUTPUT 2 "ALUOp";
P_00000157bc46e310 .param/l "Btype" 0 8 15, C4<1100011>;
P_00000157bc46e348 .param/l "Itype" 0 8 12, C4<0010011>;
P_00000157bc46e380 .param/l "Jtype" 0 8 16, C4<1101111>;
P_00000157bc46e3b8 .param/l "Ltype" 0 8 11, C4<0000011>;
P_00000157bc46e3f0 .param/l "Rtype" 0 8 14, C4<0110011>;
P_00000157bc46e428 .param/l "Stype" 0 8 13, C4<0100011>;
v00000157bc4a1920_0 .var "ALUOp", 1 0;
v00000157bc4a1a60_0 .var "ALUSrc", 0 0;
v00000157bc4a0a20_0 .var "Branch", 0 0;
v00000157bc4a20a0_0 .var "ImmSrc", 1 0;
v00000157bc4a1e20_0 .var "Jump", 0 0;
v00000157bc4a1b00_0 .var "MemWrite", 0 0;
v00000157bc4a2640_0 .var "RegWrite", 0 0;
v00000157bc4a0d40_0 .var "ResultSrc", 1 0;
v00000157bc4a2140_0 .net "op", 6 0, L_00000157bc4fd0f0;  alias, 1 drivers
E_00000157bc49bfd0 .event anyedge, v00000157bc4a2140_0;
S_00000157bc462e10 .scope module, "datamem" "data_memory" 3 100, 9 1 0, S_00000157bc474e20;
 .timescale 0 0;
    .port_info 0 /INPUT 1 "clk";
    .port_info 1 /INPUT 1 "rst";
    .port_info 2 /INPUT 1 "WE";
    .port_info 3 /INPUT 32 "A";
    .port_info 4 /INPUT 32 "WD";
    .port_info 5 /OUTPUT 32 "RD";
P_00000157bc49c590 .param/l "NBits" 0 9 1, +C4<00000000000000000000000000100000>;
v00000157bc48e150_0 .net "A", 31 0, v00000157bc4a1d80_0;  alias, 1 drivers
v00000157bc4f6620 .array "RAM", 7 0, 31 0;
v00000157bc4f6120_0 .var "RD", 31 0;
v00000157bc4f7020_0 .net "WD", 31 0, L_00000157bc4fd410;  alias, 1 drivers
v00000157bc4f5a40_0 .net "WE", 0 0, v00000157bc4a1b00_0;  alias, 1 drivers
v00000157bc4f7160_0 .net "clk", 0 0, v00000157bc4fa960_0;  alias, 1 drivers
v00000157bc4f7340_0 .net "rst", 0 0, v00000157bc4f97e0_0;  alias, 1 drivers
v00000157bc4f6620_0 .array/port v00000157bc4f6620, 0;
v00000157bc4f6620_1 .array/port v00000157bc4f6620, 1;
v00000157bc4f6620_2 .array/port v00000157bc4f6620, 2;
E_00000157bc49c790/0 .event anyedge, v00000157bc4a1d80_0, v00000157bc4f6620_0, v00000157bc4f6620_1, v00000157bc4f6620_2;
v00000157bc4f6620_3 .array/port v00000157bc4f6620, 3;
v00000157bc4f6620_4 .array/port v00000157bc4f6620, 4;
v00000157bc4f6620_5 .array/port v00000157bc4f6620, 5;
v00000157bc4f6620_6 .array/port v00000157bc4f6620, 6;
E_00000157bc49c790/1 .event anyedge, v00000157bc4f6620_3, v00000157bc4f6620_4, v00000157bc4f6620_5, v00000157bc4f6620_6;
v00000157bc4f6620_7 .array/port v00000157bc4f6620, 7;
E_00000157bc49c790/2 .event anyedge, v00000157bc4f6620_7;
E_00000157bc49c790 .event/or E_00000157bc49c790/0, E_00000157bc49c790/1, E_00000157bc49c790/2;
E_00000157bc49c910 .event posedge, v00000157bc4f7160_0;
S_00000157bc462fa0 .scope module, "ex" "extend" 3 86, 10 1 0, S_00000157bc474e20;
 .timescale 0 0;
    .port_info 0 /INPUT 32 "instruction";
    .port_info 1 /INPUT 2 "ImmSrc";
    .port_info 2 /OUTPUT 32 "imm_out";
v00000157bc4f61c0_0 .net "ImmSrc", 1 0, v00000157bc4a20a0_0;  alias, 1 drivers
v00000157bc4f57c0_0 .var "imm_out", 31 0;
v00000157bc4f6da0_0 .net "instruction", 31 0, v00000157bc4f5680_0;  alias, 1 drivers
E_00000157bc49c710 .event anyedge, v00000157bc4a20a0_0, v00000157bc4f6da0_0;
S_00000157bc463130 .scope module, "instruc" "instruction_memory" 3 69, 11 1 0, S_00000157bc474e20;
 .timescale 0 0;
    .port_info 0 /INPUT 1 "clk";
    .port_info 1 /INPUT 32 "A";
    .port_info 2 /OUTPUT 32 "RD";
v00000157bc4f5ae0_0 .net "A", 31 0, v00000157bc4fa820_0;  alias, 1 drivers
v00000157bc4f5680_0 .var "RD", 31 0;
v00000157bc4f5d60_0 .net "clk", 0 0, v00000157bc4fa960_0;  alias, 1 drivers
v00000157bc4f5e00 .array "instr_mem", 2 0, 31 0;
v00000157bc4f5e00_0 .array/port v00000157bc4f5e00, 0;
v00000157bc4f5e00_1 .array/port v00000157bc4f5e00, 1;
v00000157bc4f5e00_2 .array/port v00000157bc4f5e00, 2;
E_00000157bc49d410 .event anyedge, v00000157bc4a1ce0_0, v00000157bc4f5e00_0, v00000157bc4f5e00_1, v00000157bc4f5e00_2;
S_00000157bc461200 .scope module, "mux_B" "multiplexor" 3 38, 12 1 0, S_00000157bc474e20;
 .timescale 0 0;
    .port_info 0 /INPUT 64 "mux_in";
    .port_info 1 /INPUT 1 "mux_sel";
    .port_info 2 /OUTPUT 32 "mux_out";
P_00000157bc49d550 .param/l "N" 0 12 1, +C4<00000000000000000000000000000010>;
v00000157bc4f5c20_0 .net *"_ivl_0", 31 0, L_00000157bc4fb2c0;  1 drivers
L_00000157bc508098 .functor BUFT 1, C4<0000000000000000000000000000000>, C4<0>, C4<0>, C4<0>;
v00000157bc4f6760_0 .net *"_ivl_3", 30 0, L_00000157bc508098;  1 drivers
L_00000157bc5080e0 .functor BUFT 1, C4<00000000000000000000000000100000>, C4<0>, C4<0>, C4<0>;
v00000157bc4f66c0_0 .net/2u *"_ivl_4", 31 0, L_00000157bc5080e0;  1 drivers
v00000157bc4f6080_0 .net *"_ivl_7", 31 0, L_00000157bc4faa00;  1 drivers
v00000157bc4f6800_0 .net "mux_in", 63 0, L_00000157bc4fab40;  1 drivers
v00000157bc4f7200_0 .net "mux_out", 31 0, L_00000157bc4faaa0;  alias, 1 drivers
v00000157bc4f5860_0 .net "mux_sel", 0 0, v00000157bc4a1a60_0;  alias, 1 drivers
L_00000157bc4fb2c0 .concat [ 1 31 0 0], v00000157bc4a1a60_0, L_00000157bc508098;
L_00000157bc4faa00 .arith/mult 32, L_00000157bc4fb2c0, L_00000157bc5080e0;
L_00000157bc4faaa0 .part/v L_00000157bc4fab40, L_00000157bc4faa00, 32;
S_00000157bc461390 .scope module, "mux_PC" "multiplexor" 3 56, 12 1 0, S_00000157bc474e20;
 .timescale 0 0;
    .port_info 0 /INPUT 64 "mux_in";
    .port_info 1 /INPUT 1 "mux_sel";
    .port_info 2 /OUTPUT 32 "mux_out";
P_00000157bc49d010 .param/l "N" 0 12 1, +C4<00000000000000000000000000000010>;
v00000157bc4f6300_0 .net *"_ivl_0", 31 0, L_00000157bc4fa0a0;  1 drivers
L_00000157bc508170 .functor BUFT 1, C4<0000000000000000000000000000000>, C4<0>, C4<0>, C4<0>;
v00000157bc4f69e0_0 .net *"_ivl_3", 30 0, L_00000157bc508170;  1 drivers
L_00000157bc5081b8 .functor BUFT 1, C4<00000000000000000000000000100000>, C4<0>, C4<0>, C4<0>;
v00000157bc4f5ea0_0 .net/2u *"_ivl_4", 31 0, L_00000157bc5081b8;  1 drivers
v00000157bc4f5900_0 .net *"_ivl_7", 31 0, L_00000157bc4fa140;  1 drivers
v00000157bc4f5cc0_0 .net "mux_in", 63 0, L_00000157bc4fac80;  1 drivers
v00000157bc4f68a0_0 .net "mux_out", 31 0, L_00000157bc4fa320;  alias, 1 drivers
v00000157bc4f6260_0 .net "mux_sel", 0 0, L_00000157bc48de70;  alias, 1 drivers
L_00000157bc4fa0a0 .concat [ 1 31 0 0], L_00000157bc48de70, L_00000157bc508170;
L_00000157bc4fa140 .arith/mult 32, L_00000157bc4fa0a0, L_00000157bc5081b8;
L_00000157bc4fa320 .part/v L_00000157bc4fac80, L_00000157bc4fa140, 32;
S_00000157bc461520 .scope module, "mux_res" "multiplexor" 3 62, 12 1 0, S_00000157bc474e20;
 .timescale 0 0;
    .port_info 0 /INPUT 96 "mux_in";
    .port_info 1 /INPUT 2 "mux_sel";
    .port_info 2 /OUTPUT 32 "mux_out";
P_00000157bc49d350 .param/l "N" 0 12 1, +C4<00000000000000000000000000000011>;
v00000157bc4f5720_0 .net *"_ivl_0", 31 0, L_00000157bc4fad20;  1 drivers
L_00000157bc508200 .functor BUFT 1, C4<000000000000000000000000000000>, C4<0>, C4<0>, C4<0>;
v00000157bc4f7480_0 .net *"_ivl_3", 29 0, L_00000157bc508200;  1 drivers
L_00000157bc508248 .functor BUFT 1, C4<00000000000000000000000000100000>, C4<0>, C4<0>, C4<0>;
v00000157bc4f6f80_0 .net/2u *"_ivl_4", 31 0, L_00000157bc508248;  1 drivers
v00000157bc4f64e0_0 .net *"_ivl_7", 31 0, L_00000157bc4fb0e0;  1 drivers
v00000157bc4f73e0_0 .net "mux_in", 95 0, L_00000157bc4fadc0;  1 drivers
v00000157bc4f5f40_0 .net "mux_out", 31 0, L_00000157bc4fa3c0;  alias, 1 drivers
v00000157bc4f5fe0_0 .net "mux_sel", 1 0, v00000157bc4a0d40_0;  alias, 1 drivers
L_00000157bc4fad20 .concat [ 2 30 0 0], v00000157bc4a0d40_0, L_00000157bc508200;
L_00000157bc4fb0e0 .arith/mult 32, L_00000157bc4fad20, L_00000157bc508248;
L_00000157bc4fa3c0 .part/v L_00000157bc4fadc0, L_00000157bc4fb0e0, 32;
S_00000157bc45b250 .scope module, "rf" "reg_file" 3 75, 13 1 0, S_00000157bc474e20;
 .timescale 0 0;
    .port_info 0 /INPUT 1 "clk";
    .port_info 1 /INPUT 1 "WE3";
    .port_info 2 /INPUT 5 "A1";
    .port_info 3 /INPUT 5 "A2";
    .port_info 4 /INPUT 5 "A3";
    .port_info 5 /INPUT 32 "WD3";
    .port_info 6 /OUTPUT 32 "RD1";
    .port_info 7 /OUTPUT 32 "RD2";
v00000157bc4f6ee0_0 .net "A1", 4 0, L_00000157bc4fcab0;  1 drivers
v00000157bc4f7520_0 .net "A2", 4 0, L_00000157bc4fd2d0;  1 drivers
v00000157bc4f59a0_0 .net "A3", 4 0, L_00000157bc4fbcf0;  1 drivers
v00000157bc4f63a0_0 .net "RD1", 31 0, L_00000157bc4fca10;  alias, 1 drivers
v00000157bc4f6c60_0 .net "RD2", 31 0, L_00000157bc4fd410;  alias, 1 drivers
v00000157bc4f70c0_0 .net "WD3", 31 0, L_00000157bc4fa3c0;  alias, 1 drivers
v00000157bc4f6d00_0 .net "WE3", 0 0, v00000157bc4a2640_0;  alias, 1 drivers
v00000157bc4f6a80_0 .net *"_ivl_0", 31 0, L_00000157bc4fae60;  1 drivers
v00000157bc4f72a0_0 .net *"_ivl_10", 31 0, L_00000157bc4fafa0;  1 drivers
v00000157bc4f6440_0 .net *"_ivl_12", 6 0, L_00000157bc4fc6f0;  1 drivers
L_00000157bc508368 .functor BUFT 1, C4<00>, C4<0>, C4<0>, C4<0>;
v00000157bc4f5b80_0 .net *"_ivl_15", 1 0, L_00000157bc508368;  1 drivers
v00000157bc4f6580_0 .net *"_ivl_18", 31 0, L_00000157bc4fb890;  1 drivers
L_00000157bc5083b0 .functor BUFT 1, C4<000000000000000000000000000>, C4<0>, C4<0>, C4<0>;
v00000157bc4f6940_0 .net *"_ivl_21", 26 0, L_00000157bc5083b0;  1 drivers
L_00000157bc5083f8 .functor BUFT 1, C4<00000000000000000000000000000000>, C4<0>, C4<0>, C4<0>;
v00000157bc4f6b20_0 .net/2u *"_ivl_22", 31 0, L_00000157bc5083f8;  1 drivers
v00000157bc4f6bc0_0 .net *"_ivl_24", 0 0, L_00000157bc4fb930;  1 drivers
L_00000157bc508440 .functor BUFT 1, C4<00000000000000000000000000000000>, C4<0>, C4<0>, C4<0>;
v00000157bc4f6e40_0 .net/2u *"_ivl_26", 31 0, L_00000157bc508440;  1 drivers
v00000157bc4fabe0_0 .net *"_ivl_28", 31 0, L_00000157bc4fb9d0;  1 drivers
L_00000157bc508290 .functor BUFT 1, C4<000000000000000000000000000>, C4<0>, C4<0>, C4<0>;
v00000157bc4f9f60_0 .net *"_ivl_3", 26 0, L_00000157bc508290;  1 drivers
v00000157bc4fb4a0_0 .net *"_ivl_30", 6 0, L_00000157bc4fcc90;  1 drivers
L_00000157bc508488 .functor BUFT 1, C4<00>, C4<0>, C4<0>, C4<0>;
v00000157bc4fa460_0 .net *"_ivl_33", 1 0, L_00000157bc508488;  1 drivers
L_00000157bc5082d8 .functor BUFT 1, C4<00000000000000000000000000000000>, C4<0>, C4<0>, C4<0>;
v00000157bc4fa8c0_0 .net/2u *"_ivl_4", 31 0, L_00000157bc5082d8;  1 drivers
v00000157bc4fa280_0 .net *"_ivl_6", 0 0, L_00000157bc4faf00;  1 drivers
L_00000157bc508320 .functor BUFT 1, C4<00000000000000000000000000000000>, C4<0>, C4<0>, C4<0>;
v00000157bc4fb180_0 .net/2u *"_ivl_8", 31 0, L_00000157bc508320;  1 drivers
v00000157bc4fa5a0_0 .net "clk", 0 0, v00000157bc4fa960_0;  alias, 1 drivers
v00000157bc4fb540 .array "r_file", 0 31, 31 0;
L_00000157bc4fae60 .concat [ 5 27 0 0], L_00000157bc4fcab0, L_00000157bc508290;
L_00000157bc4faf00 .cmp/eq 32, L_00000157bc4fae60, L_00000157bc5082d8;
L_00000157bc4fafa0 .array/port v00000157bc4fb540, L_00000157bc4fc6f0;
L_00000157bc4fc6f0 .concat [ 5 2 0 0], L_00000157bc4fcab0, L_00000157bc508368;
L_00000157bc4fca10 .functor MUXZ 32, L_00000157bc4fafa0, L_00000157bc508320, L_00000157bc4faf00, C4<>;
L_00000157bc4fb890 .concat [ 5 27 0 0], L_00000157bc4fd2d0, L_00000157bc5083b0;
L_00000157bc4fb930 .cmp/eq 32, L_00000157bc4fb890, L_00000157bc5083f8;
L_00000157bc4fb9d0 .array/port v00000157bc4fb540, L_00000157bc4fcc90;
L_00000157bc4fcc90 .concat [ 5 2 0 0], L_00000157bc4fd2d0, L_00000157bc508488;
L_00000157bc4fd410 .functor MUXZ 32, L_00000157bc4fb9d0, L_00000157bc508440, L_00000157bc4fb930, C4<>;
    .scope S_00000157bc463130;
T_0 ;
    %vpi_call 11 10 "$readmemh", "instrMem.hex", v00000157bc4f5e00 {0 0 0};
    %end;
    .thread T_0;
    .scope S_00000157bc463130;
T_1 ;
    %wait E_00000157bc49d410;
    %load/vec4 v00000157bc4f5ae0_0;
    %parti/s 3, 2, 3;
    %pad/u 32;
    %cmpi/u 2, 0, 32;
    %flag_or 5, 4;
    %jmp/0xz  T_1.0, 5;
    %load/vec4 v00000157bc4f5ae0_0;
    %parti/s 3, 2, 3;
    %pad/u 4;
    %ix/vec4 4;
    %load/vec4a v00000157bc4f5e00, 4;
    %store/vec4 v00000157bc4f5680_0, 0, 32;
    %jmp T_1.1;
T_1.0 ;
    %pushi/vec4 0, 0, 32;
    %store/vec4 v00000157bc4f5680_0, 0, 32;
T_1.1 ;
    %jmp T_1;
    .thread T_1, $push;
    .scope S_00000157bc45b250;
T_2 ;
    %pushi/vec4 0, 0, 32;
    %ix/load 4, 0, 0;
    %flag_set/imm 4, 0;
    %store/vec4a v00000157bc4fb540, 4, 0;
    %end;
    .thread T_2;
    .scope S_00000157bc45b250;
T_3 ;
    %wait E_00000157bc49c910;
    %load/vec4 v00000157bc4f6d00_0;
    %pad/u 32;
    %cmpi/e 1, 0, 32;
    %flag_get/vec4 4;
    %jmp/0 T_3.2, 4;
    %load/vec4 v00000157bc4f59a0_0;
    %pad/u 32;
    %pushi/vec4 0, 0, 32;
    %cmp/ne;
    %flag_get/vec4 4;
    %and;
T_3.2;
    %flag_set/vec4 8;
    %jmp/0xz  T_3.0, 8;
    %load/vec4 v00000157bc4f70c0_0;
    %load/vec4 v00000157bc4f59a0_0;
    %pad/u 7;
    %ix/vec4 3;
    %ix/load 4, 0, 0; Constant delay
    %assign/vec4/a/d v00000157bc4fb540, 0, 4;
T_3.0 ;
    %jmp T_3;
    .thread T_3;
    .scope S_00000157bc462fa0;
T_4 ;
    %wait E_00000157bc49c710;
    %load/vec4 v00000157bc4f61c0_0;
    %dup/vec4;
    %pushi/vec4 0, 0, 2;
    %cmp/u;
    %jmp/1 T_4.0, 6;
    %dup/vec4;
    %pushi/vec4 1, 0, 2;
    %cmp/u;
    %jmp/1 T_4.1, 6;
    %dup/vec4;
    %pushi/vec4 2, 0, 2;
    %cmp/u;
    %jmp/1 T_4.2, 6;
    %dup/vec4;
    %pushi/vec4 3, 0, 2;
    %cmp/u;
    %jmp/1 T_4.3, 6;
    %pushi/vec4 0, 0, 32;
    %store/vec4 v00000157bc4f57c0_0, 0, 32;
    %jmp T_4.5;
T_4.0 ;
    %load/vec4 v00000157bc4f6da0_0;
    %parti/s 1, 31, 6;
    %replicate 20;
    %load/vec4 v00000157bc4f6da0_0;
    %parti/s 12, 20, 6;
    %concat/vec4; draw_concat_vec4
    %store/vec4 v00000157bc4f57c0_0, 0, 32;
    %jmp T_4.5;
T_4.1 ;
    %load/vec4 v00000157bc4f6da0_0;
    %parti/s 1, 31, 6;
    %replicate 20;
    %load/vec4 v00000157bc4f6da0_0;
    %parti/s 7, 25, 6;
    %concat/vec4; draw_concat_vec4
    %load/vec4 v00000157bc4f6da0_0;
    %parti/s 5, 7, 4;
    %concat/vec4; draw_concat_vec4
    %store/vec4 v00000157bc4f57c0_0, 0, 32;
    %jmp T_4.5;
T_4.2 ;
    %load/vec4 v00000157bc4f6da0_0;
    %parti/s 1, 31, 6;
    %replicate 20;
    %load/vec4 v00000157bc4f6da0_0;
    %parti/s 1, 31, 6;
    %concat/vec4; draw_concat_vec4
    %load/vec4 v00000157bc4f6da0_0;
    %parti/s 1, 7, 4;
    %concat/vec4; draw_concat_vec4
    %load/vec4 v00000157bc4f6da0_0;
    %parti/s 6, 25, 6;
    %concat/vec4; draw_concat_vec4
    %load/vec4 v00000157bc4f6da0_0;
    %parti/s 4, 8, 5;
    %concat/vec4; draw_concat_vec4
    %concati/vec4 0, 0, 1;
    %pad/u 32;
    %store/vec4 v00000157bc4f57c0_0, 0, 32;
    %jmp T_4.5;
T_4.3 ;
    %load/vec4 v00000157bc4f6da0_0;
    %parti/s 1, 31, 6;
    %replicate 12;
    %load/vec4 v00000157bc4f6da0_0;
    %parti/s 8, 12, 5;
    %concat/vec4; draw_concat_vec4
    %load/vec4 v00000157bc4f6da0_0;
    %parti/s 1, 20, 6;
    %concat/vec4; draw_concat_vec4
    %load/vec4 v00000157bc4f6da0_0;
    %parti/s 10, 21, 6;
    %concat/vec4; draw_concat_vec4
    %concati/vec4 0, 0, 1;
    %store/vec4 v00000157bc4f57c0_0, 0, 32;
    %jmp T_4.5;
T_4.5 ;
    %pop/vec4 1;
    %jmp T_4;
    .thread T_4, $push;
    .scope S_00000157bc46f720;
T_5 ;
    %wait E_00000157bc49bf90;
    %load/vec4 v00000157bc4a17e0_0;
    %dup/vec4;
    %pushi/vec4 0, 0, 3;
    %cmp/u;
    %jmp/1 T_5.0, 6;
    %dup/vec4;
    %pushi/vec4 1, 0, 3;
    %cmp/u;
    %jmp/1 T_5.1, 6;
    %dup/vec4;
    %pushi/vec4 2, 0, 3;
    %cmp/u;
    %jmp/1 T_5.2, 6;
    %dup/vec4;
    %pushi/vec4 3, 0, 3;
    %cmp/u;
    %jmp/1 T_5.3, 6;
    %dup/vec4;
    %pushi/vec4 5, 0, 3;
    %cmp/u;
    %jmp/1 T_5.4, 6;
    %pushi/vec4 0, 0, 32;
    %store/vec4 v00000157bc4a1d80_0, 0, 32;
    %jmp T_5.6;
T_5.0 ;
    %load/vec4 v00000157bc4a1100_0;
    %load/vec4 v00000157bc4a11a0_0;
    %add;
    %store/vec4 v00000157bc4a1d80_0, 0, 32;
    %jmp T_5.6;
T_5.1 ;
    %load/vec4 v00000157bc4a1100_0;
    %load/vec4 v00000157bc4a11a0_0;
    %sub;
    %store/vec4 v00000157bc4a1d80_0, 0, 32;
    %jmp T_5.6;
T_5.2 ;
    %load/vec4 v00000157bc4a1100_0;
    %load/vec4 v00000157bc4a11a0_0;
    %and;
    %store/vec4 v00000157bc4a1d80_0, 0, 32;
    %jmp T_5.6;
T_5.3 ;
    %load/vec4 v00000157bc4a1100_0;
    %load/vec4 v00000157bc4a11a0_0;
    %or;
    %store/vec4 v00000157bc4a1d80_0, 0, 32;
    %jmp T_5.6;
T_5.4 ;
    %load/vec4 v00000157bc4a1100_0;
    %ix/getv 4, v00000157bc4a11a0_0;
    %shiftl 4;
    %store/vec4 v00000157bc4a1d80_0, 0, 32;
    %jmp T_5.6;
T_5.6 ;
    %pop/vec4 1;
    %load/vec4 v00000157bc4a1d80_0;
    %cmpi/e 0, 0, 32;
    %jmp/0xz  T_5.7, 4;
    %pushi/vec4 1, 0, 1;
    %store/vec4 v00000157bc4a1240_0, 0, 1;
    %jmp T_5.8;
T_5.7 ;
    %pushi/vec4 0, 0, 1;
    %store/vec4 v00000157bc4a1240_0, 0, 1;
T_5.8 ;
    %jmp T_5;
    .thread T_5, $push;
    .scope S_00000157bc462e10;
T_6 ;
    %wait E_00000157bc49c910;
    %load/vec4 v00000157bc4f5a40_0;
    %pad/u 32;
    %cmpi/e 1, 0, 32;
    %jmp/0xz  T_6.0, 4;
    %load/vec4 v00000157bc48e150_0;
    %parti/s 30, 2, 3;
    %pad/u 32;
    %cmpi/u 7, 0, 32;
    %flag_or 5, 4;
    %jmp/0xz  T_6.2, 5;
    %load/vec4 v00000157bc4f7020_0;
    %load/vec4 v00000157bc48e150_0;
    %parti/s 30, 2, 3;
    %ix/vec4 3;
    %ix/load 4, 0, 0; Constant delay
    %assign/vec4/a/d v00000157bc4f6620, 0, 4;
T_6.2 ;
T_6.0 ;
    %jmp T_6;
    .thread T_6;
    .scope S_00000157bc462e10;
T_7 ;
    %wait E_00000157bc49c790;
    %load/vec4 v00000157bc48e150_0;
    %parti/s 30, 2, 3;
    %ix/vec4 4;
    %load/vec4a v00000157bc4f6620, 4;
    %store/vec4 v00000157bc4f6120_0, 0, 32;
    %jmp T_7;
    .thread T_7, $push;
    .scope S_00000157bc46e180;
T_8 ;
    %wait E_00000157bc49bfd0;
    %load/vec4 v00000157bc4a2140_0;
    %dup/vec4;
    %pushi/vec4 3, 0, 7;
    %cmp/x;
    %jmp/1 T_8.0, 4;
    %dup/vec4;
    %pushi/vec4 19, 0, 7;
    %cmp/x;
    %jmp/1 T_8.1, 4;
    %dup/vec4;
    %pushi/vec4 35, 0, 7;
    %cmp/x;
    %jmp/1 T_8.2, 4;
    %dup/vec4;
    %pushi/vec4 51, 0, 7;
    %cmp/x;
    %jmp/1 T_8.3, 4;
    %dup/vec4;
    %pushi/vec4 99, 0, 7;
    %cmp/x;
    %jmp/1 T_8.4, 4;
    %dup/vec4;
    %pushi/vec4 111, 0, 7;
    %cmp/x;
    %jmp/1 T_8.5, 4;
    %pushi/vec4 0, 0, 1;
    %store/vec4 v00000157bc4a2640_0, 0, 1;
    %pushi/vec4 0, 0, 2;
    %store/vec4 v00000157bc4a20a0_0, 0, 2;
    %pushi/vec4 0, 0, 1;
    %store/vec4 v00000157bc4a1a60_0, 0, 1;
    %pushi/vec4 0, 0, 1;
    %store/vec4 v00000157bc4a1b00_0, 0, 1;
    %pushi/vec4 0, 0, 2;
    %store/vec4 v00000157bc4a0d40_0, 0, 2;
    %pushi/vec4 0, 0, 1;
    %store/vec4 v00000157bc4a0a20_0, 0, 1;
    %pushi/vec4 0, 0, 2;
    %store/vec4 v00000157bc4a1920_0, 0, 2;
    %pushi/vec4 0, 0, 1;
    %store/vec4 v00000157bc4a1e20_0, 0, 1;
    %jmp T_8.7;
T_8.0 ;
    %pushi/vec4 1, 0, 1;
    %store/vec4 v00000157bc4a2640_0, 0, 1;
    %pushi/vec4 0, 0, 2;
    %store/vec4 v00000157bc4a20a0_0, 0, 2;
    %pushi/vec4 1, 0, 1;
    %store/vec4 v00000157bc4a1a60_0, 0, 1;
    %pushi/vec4 0, 0, 1;
    %store/vec4 v00000157bc4a1b00_0, 0, 1;
    %pushi/vec4 1, 0, 2;
    %store/vec4 v00000157bc4a0d40_0, 0, 2;
    %pushi/vec4 0, 0, 1;
    %store/vec4 v00000157bc4a0a20_0, 0, 1;
    %pushi/vec4 0, 0, 2;
    %store/vec4 v00000157bc4a1920_0, 0, 2;
    %pushi/vec4 0, 0, 1;
    %store/vec4 v00000157bc4a1e20_0, 0, 1;
    %jmp T_8.7;
T_8.1 ;
    %pushi/vec4 1, 0, 1;
    %store/vec4 v00000157bc4a2640_0, 0, 1;
    %pushi/vec4 0, 0, 2;
    %store/vec4 v00000157bc4a20a0_0, 0, 2;
    %pushi/vec4 1, 0, 1;
    %store/vec4 v00000157bc4a1a60_0, 0, 1;
    %pushi/vec4 0, 0, 1;
    %store/vec4 v00000157bc4a1b00_0, 0, 1;
    %pushi/vec4 0, 0, 2;
    %store/vec4 v00000157bc4a0d40_0, 0, 2;
    %pushi/vec4 0, 0, 1;
    %store/vec4 v00000157bc4a0a20_0, 0, 1;
    %pushi/vec4 2, 0, 2;
    %store/vec4 v00000157bc4a1920_0, 0, 2;
    %pushi/vec4 0, 0, 1;
    %store/vec4 v00000157bc4a1e20_0, 0, 1;
    %jmp T_8.7;
T_8.2 ;
    %pushi/vec4 0, 0, 1;
    %store/vec4 v00000157bc4a2640_0, 0, 1;
    %pushi/vec4 1, 0, 2;
    %store/vec4 v00000157bc4a20a0_0, 0, 2;
    %pushi/vec4 1, 0, 1;
    %store/vec4 v00000157bc4a1a60_0, 0, 1;
    %pushi/vec4 1, 0, 1;
    %store/vec4 v00000157bc4a1b00_0, 0, 1;
    %pushi/vec4 0, 0, 2;
    %store/vec4 v00000157bc4a0d40_0, 0, 2;
    %pushi/vec4 0, 0, 1;
    %store/vec4 v00000157bc4a0a20_0, 0, 1;
    %pushi/vec4 0, 0, 2;
    %store/vec4 v00000157bc4a1920_0, 0, 2;
    %pushi/vec4 0, 0, 1;
    %store/vec4 v00000157bc4a1e20_0, 0, 1;
    %jmp T_8.7;
T_8.3 ;
    %pushi/vec4 1, 0, 1;
    %store/vec4 v00000157bc4a2640_0, 0, 1;
    %pushi/vec4 3, 3, 2;
    %store/vec4 v00000157bc4a20a0_0, 0, 2;
    %pushi/vec4 0, 0, 1;
    %store/vec4 v00000157bc4a1a60_0, 0, 1;
    %pushi/vec4 0, 0, 1;
    %store/vec4 v00000157bc4a1b00_0, 0, 1;
    %pushi/vec4 0, 0, 2;
    %store/vec4 v00000157bc4a0d40_0, 0, 2;
    %pushi/vec4 0, 0, 1;
    %store/vec4 v00000157bc4a0a20_0, 0, 1;
    %pushi/vec4 2, 0, 2;
    %store/vec4 v00000157bc4a1920_0, 0, 2;
    %pushi/vec4 0, 0, 1;
    %store/vec4 v00000157bc4a1e20_0, 0, 1;
    %jmp T_8.7;
T_8.4 ;
    %pushi/vec4 0, 0, 1;
    %store/vec4 v00000157bc4a2640_0, 0, 1;
    %pushi/vec4 2, 0, 2;
    %store/vec4 v00000157bc4a20a0_0, 0, 2;
    %pushi/vec4 0, 0, 1;
    %store/vec4 v00000157bc4a1a60_0, 0, 1;
    %pushi/vec4 0, 0, 1;
    %store/vec4 v00000157bc4a1b00_0, 0, 1;
    %pushi/vec4 3, 3, 2;
    %store/vec4 v00000157bc4a0d40_0, 0, 2;
    %pushi/vec4 1, 0, 1;
    %store/vec4 v00000157bc4a0a20_0, 0, 1;
    %pushi/vec4 1, 0, 2;
    %store/vec4 v00000157bc4a1920_0, 0, 2;
    %pushi/vec4 0, 0, 1;
    %store/vec4 v00000157bc4a1e20_0, 0, 1;
    %jmp T_8.7;
T_8.5 ;
    %pushi/vec4 1, 0, 1;
    %store/vec4 v00000157bc4a2640_0, 0, 1;
    %pushi/vec4 3, 0, 2;
    %store/vec4 v00000157bc4a20a0_0, 0, 2;
    %pushi/vec4 1, 1, 1;
    %store/vec4 v00000157bc4a1a60_0, 0, 1;
    %pushi/vec4 0, 0, 1;
    %store/vec4 v00000157bc4a1b00_0, 0, 1;
    %pushi/vec4 2, 0, 2;
    %store/vec4 v00000157bc4a0d40_0, 0, 2;
    %pushi/vec4 0, 0, 1;
    %store/vec4 v00000157bc4a0a20_0, 0, 1;
    %pushi/vec4 3, 3, 2;
    %store/vec4 v00000157bc4a1920_0, 0, 2;
    %pushi/vec4 1, 0, 1;
    %store/vec4 v00000157bc4a1e20_0, 0, 1;
    %jmp T_8.7;
T_8.7 ;
    %pop/vec4 1;
    %jmp T_8;
    .thread T_8, $push;
    .scope S_00000157bc46dff0;
T_9 ;
    %wait E_00000157bc49c510;
    %load/vec4 v00000157bc4a0e80_0;
    %dup/vec4;
    %pushi/vec4 0, 0, 2;
    %cmp/u;
    %jmp/1 T_9.0, 6;
    %dup/vec4;
    %pushi/vec4 1, 0, 2;
    %cmp/u;
    %jmp/1 T_9.1, 6;
    %dup/vec4;
    %pushi/vec4 2, 0, 2;
    %cmp/u;
    %jmp/1 T_9.2, 6;
    %pushi/vec4 0, 0, 3;
    %store/vec4 v00000157bc4a19c0_0, 0, 3;
    %jmp T_9.4;
T_9.0 ;
    %pushi/vec4 0, 0, 3;
    %store/vec4 v00000157bc4a19c0_0, 0, 3;
    %jmp T_9.4;
T_9.1 ;
    %pushi/vec4 1, 0, 3;
    %store/vec4 v00000157bc4a19c0_0, 0, 3;
    %jmp T_9.4;
T_9.2 ;
    %load/vec4 v00000157bc4a1880_0;
    %load/vec4 v00000157bc4a12e0_0;
    %concat/vec4; draw_concat_vec4
    %load/vec4 v00000157bc4a1560_0;
    %concat/vec4; draw_concat_vec4
    %dup/vec4;
    %pushi/vec4 0, 0, 5;
    %cmp/x;
    %jmp/1 T_9.5, 4;
    %dup/vec4;
    %pushi/vec4 1, 0, 5;
    %cmp/x;
    %jmp/1 T_9.6, 4;
    %dup/vec4;
    %pushi/vec4 2, 0, 5;
    %cmp/x;
    %jmp/1 T_9.7, 4;
    %dup/vec4;
    %pushi/vec4 3, 0, 5;
    %cmp/x;
    %jmp/1 T_9.8, 4;
    %dup/vec4;
    %pushi/vec4 11, 3, 5;
    %cmp/x;
    %jmp/1 T_9.9, 4;
    %dup/vec4;
    %pushi/vec4 27, 3, 5;
    %cmp/x;
    %jmp/1 T_9.10, 4;
    %dup/vec4;
    %pushi/vec4 31, 3, 5;
    %cmp/x;
    %jmp/1 T_9.11, 4;
    %pushi/vec4 0, 0, 3;
    %store/vec4 v00000157bc4a19c0_0, 0, 3;
    %jmp T_9.13;
T_9.5 ;
    %pushi/vec4 0, 0, 3;
    %store/vec4 v00000157bc4a19c0_0, 0, 3;
    %jmp T_9.13;
T_9.6 ;
    %pushi/vec4 0, 0, 3;
    %store/vec4 v00000157bc4a19c0_0, 0, 3;
    %jmp T_9.13;
T_9.7 ;
    %pushi/vec4 2, 0, 3;
    %store/vec4 v00000157bc4a19c0_0, 0, 3;
    %jmp T_9.13;
T_9.8 ;
    %pushi/vec4 1, 0, 3;
    %store/vec4 v00000157bc4a19c0_0, 0, 3;
    %jmp T_9.13;
T_9.9 ;
    %pushi/vec4 5, 0, 3;
    %store/vec4 v00000157bc4a19c0_0, 0, 3;
    %jmp T_9.13;
T_9.10 ;
    %pushi/vec4 3, 0, 3;
    %store/vec4 v00000157bc4a19c0_0, 0, 3;
    %jmp T_9.13;
T_9.11 ;
    %pushi/vec4 2, 0, 3;
    %store/vec4 v00000157bc4a19c0_0, 0, 3;
    %jmp T_9.13;
T_9.13 ;
    %pop/vec4 1;
    %jmp T_9.4;
T_9.4 ;
    %pop/vec4 1;
    %jmp T_9;
    .thread T_9, $push;
    .scope S_00000157bc474e20;
T_10 ;
    %wait E_00000157bc49be50;
    %load/vec4 v00000157bc4fa500_0;
    %flag_set/vec4 8;
    %jmp/0xz  T_10.0, 8;
    %pushi/vec4 0, 0, 32;
    %assign/vec4 v00000157bc4fa820_0, 0;
    %jmp T_10.1;
T_10.0 ;
    %load/vec4 v00000157bc4f9b00_0;
    %assign/vec4 v00000157bc4fa820_0, 0;
T_10.1 ;
    %jmp T_10;
    .thread T_10;
    .scope S_00000157bc474c90;
T_11 ;
    %delay 10000, 0;
    %load/vec4 v00000157bc4fa960_0;
    %inv;
    %store/vec4 v00000157bc4fa960_0, 0, 1;
    %jmp T_11;
    .thread T_11;
    .scope S_00000157bc474c90;
T_12 ;
    %pushi/vec4 0, 0, 1;
    %store/vec4 v00000157bc4fa960_0, 0, 1;
    %pushi/vec4 1, 0, 1;
    %store/vec4 v00000157bc4f97e0_0, 0, 1;
    %delay 10000, 0;
    %pushi/vec4 0, 0, 1;
    %store/vec4 v00000157bc4f97e0_0, 0, 1;
    %delay 100000, 0;
    %vpi_call 2 16 "$finish" {0 0 0};
    %end;
    .thread T_12;
    .scope S_00000157bc474c90;
T_13 ;
    %vpi_call 2 20 "$monitor", "t=%0d | PC=%h | Instr=%h | SrcA=%h | SrcB=%h | imm=%h | ALUCtrl=%b | ALU_result=%h", $time, v00000157bc4fa820_0, v00000157bc4fa6e0_0, v00000157bc4f99c0_0, v00000157bc4f9d80_0, v00000157bc4f9e20_0, v00000157bc4f9ce0_0, v00000157bc4fa1e0_0 {0 0 0};
    %end;
    .thread T_13;
    .scope S_00000157bc474c90;
T_14 ;
    %vpi_call 2 35 "$dumpfile", "top_tb.vcd" {0 0 0};
    %vpi_call 2 36 "$dumpvars", 32'sb00000000000000000000000000000000, S_00000157bc474c90 {0 0 0};
    %end;
    .thread T_14;
# The file index is used to find the file name in the following table.
:file_names 14;
    "N/A";
    "<interactive>";
    "top_tb.v";
    "top.v";
    "adder.v";
    "alu_risc.v";
    "controller.v";
    "alu_decoder.v";
    "main_decoder.v";
    "data_memory.v";
    "extend.v";
    "instruction_memory.v";
    "multiplexor.v";
    "reg_file.v";
